// Jest Snapshot v1, https://goo.gl/fbAQLP

exports[`Renders snapshot as expected 1`] = `
<
  icon={null}
  isOn={true}
  offColor="#555E6E"
  onColor="#3b82f6"
  onToggle={[Function]}
  testID="app-switch"
  thumbOffStyle={Object {}}
/>
`;
